ASP_19	3.94	SUFACE	0.00	187	0.14	2	0.00	000_0	0.00	000_0	0.00	000_0
ARG_22	12.01	SUFACE	0.00	267	-0.49	7	0.00	000_0	0.00	000_0	0.00	000_0
LYS_24	10.36	SUFACE	0.00	138	-0.14	2	0.00	000_0	0.00	000_0	0.00	000_0
ARG_29	10.62	BURIED	-0.41	441	-1.47	21	0.00	000_0	0.00	000_0	0.00	000_0
ASP_38	4.01	SUFACE	0.00	140	0.21	3	0.00	000_0	0.00	000_0	0.00	000_0
HIS_42	6.43	SUFACE	0.00	296	-0.07	1	0.00	000_0	0.00	000_0	0.00	000_0
ARG_43	14.08	BURIED	-0.40	440	-0.42	6	0.00	000_0	0.00	000_0	2.40	ASP_193
GLU_44	4.71	SUFACE	0.00	260	0.21	3	0.00	000_0	0.00	000_0	0.00	000_0
LYS_48	10.50	SUFACE	0.00	143	-0.00	0	0.00	000_0	0.00	000_0	0.00	000_0
GLU_49	3.76	SUFACE	0.00	128	0.21	3	0.00	000_0	-0.03	LYS_48	0.00	000_0
GLU_50	3.46	SUFACE	0.00	265	0.35	5	-0.48	ARG_43	-0.91	VAL_47	0.00	000_0
HIS_53	6.50	SUFACE	0.00	372	-0.00	0	0.00	000_0	0.00	000_0	0.00	000_0
LYS_65	10.50	SUFACE	0.00	55	-0.00	0	0.00	000_0	0.00	000_0	0.00	000_0
GLU_69	4.71	SUFACE	0.00	201	0.21	3	0.00	000_0	0.00	000_0	0.00	000_0
LYS_75	10.50	SUFACE	0.00	103	-0.00	0	0.00	000_0	0.00	000_0	0.00	000_0
GLU_76	4.50	SUFACE	0.00	62	0.00	0	0.00	000_0	0.00	000_0	0.00	000_0
LYS_88	10.01	SUFACE	0.00	211	-0.49	7	0.00	000_0	0.00	000_0	0.00	000_0
ASP_89	3.81	SUFACE	0.00	206	0.21	3	0.00	000_0	-0.19	ASP_89	0.00	000_0
ARG_98	12.36	SUFACE	0.00	157	-0.14	2	0.00	000_0	0.00	000_0	0.00	000_0
GLU_103	3.25	SUFACE	0.00	226	0.63	9	-0.80	ARG_107	-1.08	GLU_103	0.00	000_0
ASP_104	4.43	SUFACE	0.00	283	0.63	9	0.00	000_0	0.00	000_0	0.00	000_0
ARG_107	11.94	SUFACE	0.00	213	-0.56	8	0.00	000_0	0.00	000_0	0.00	000_0
HIS_109	6.50	SUFACE	0.00	384	-0.00	0	0.00	000_0	0.00	000_0	0.00	000_0
LYS_117	9.59	SUFACE	0.00	384	-0.91	13	0.00	000_0	0.00	000_0	0.00	000_0
GLU_119	4.57	SUFACE	0.00	299	0.07	1	0.00	000_0	0.00	000_0	0.00	000_0
ARG_128	12.29	SUFACE	0.00	270	-0.21	3	0.00	000_0	0.00	000_0	0.00	000_0
GLU_130	4.50	SUFACE	0.00	144	0.00	0	0.00	000_0	0.00	000_0	0.00	000_0
HIS_135	6.32	SUFACE	0.00	174	-0.21	3	0.00	000_0	0.03	GLN_134	0.00	000_0
HIS_137	6.67	SUFACE	0.00	293	-0.21	3	0.38	ASN_139	0.00	000_0	0.00	000_0
TYR_140	11.69	SUFACE	0.00	377	0.07	1	0.00	000_0	-0.23	ILE_176	1.85	GLU_119
TYR_141	9.46	BURIED	0.09	409	0.00	0	-0.39	ASN_139	-0.04	ASN_139	0.00	000_0
TYR_144	11.30	BURIED	1.16	516	0.14	2	0.00	000_0	0.00	000_0	0.00	000_0
HIS_148	1.97	BURIED	-0.83	483	-2.45	35	0.00	000_0	0.00	000_0	-1.25	ARG_29
TYR_152	11.66	BURIED	1.38	538	0.28	4	0.00	000_0	0.00	000_0	0.00	000_0
ASP_153	4.06	BURIED	0.64	464	0.63	9	0.00	000_0	-0.45	ASP_153	0.10	ASP_154
ASP_154	3.25	BURIED	0.36	436	0.77	11	-0.29	CYS_157	-0.01	TRP_155	0.00	000_0
CYS_157	9.67	BURIED	0.38	438	0.07	1	0.29	ASP_154	-0.06	CYS_157	2.23	ASP_154
LYS_159	10.43	SUFACE	0.00	315	-0.07	1	0.00	000_0	0.00	000_0	0.00	000_0
HIS_170	5.32	BURIED	-0.20	420	-0.98	14	0.00	000_0	0.00	000_0	0.00	000_0
LYS_171	10.15	SUFACE	0.00	355	-0.35	5	0.00	000_0	0.00	000_0	0.00	000_0
LYS_172	10.43	SUFACE	0.00	299	-0.07	1	0.00	000_0	0.00	000_0	0.00	000_0
GLU_178	3.76	SUFACE	0.00	281	0.42	6	-0.35	THR_175	-0.44	ALA_174	0.00	000_0
ARG_180	10.55	BURIED	-0.84	484	-0.56	8	0.00	000_0	0.00	000_0	0.34	ASP_184
ASP_184	-0.04	BURIED	0.99	499	0.56	8	-0.25	THR_58	0.00	000_0	-0.34	ARG_180
TYR_186	10.51	BURIED	1.15	515	0.14	2	-0.78	ASN_145	0.00	000_0	0.00	000_0
ASP_193	0.44	BURIED	0.88	488	0.84	12	-0.68	SER_54	0.00	000_0	-1.54	LYS_212
ARG_194	14.14	BURIED	-0.41	441	-0.35	5	0.00	000_0	0.00	000_0	2.40	ASP_184
LYS_200	9.73	SUFACE	0.00	351	-0.77	11	0.00	000_0	0.00	000_0	0.00	000_0
GLU_202	4.85	SUFACE	0.00	312	0.35	5	0.00	000_0	0.00	000_0	0.00	000_0
LYS_206	10.50	SUFACE	0.00	179	-0.00	0	0.00	000_0	0.00	000_0	0.00	000_0
LYS_208	8.33	BURIED	-1.40	540	-0.77	11	0.00	000_0	0.00	000_0	0.00	000_0
LYS_212	11.21	BURIED	-0.32	432	-0.21	3	0.00	000_0	0.00	000_0	1.54	ASP_193
LYS_219	10.08	SUFACE	0.00	311	-0.42	6	0.00	000_0	0.00	000_0	0.00	000_0
LYS_221	10.50	SUFACE	0.00	252	-0.00	0	0.00	000_0	0.00	000_0	0.00	000_0
HIS_223	6.50	SUFACE	0.00	220	-0.00	0	0.00	000_0	0.00	000_0	0.00	000_0
LYS_230	10.50	SUFACE	0.00	279	-0.00	0	0.00	000_0	0.00	000_0	0.00	000_0
ARG_231	12.50	SUFACE	0.00	92	-0.00	0	0.00	000_0	0.00	000_0	0.00	000_0
ASP_235	3.80	SUFACE	0.00	98	0.00	0	0.00	000_0	0.00	000_0	0.00	000_0
LYS_239	10.50	SUFACE	0.00	54	-0.00	0	0.00	000_0	0.00	000_0	0.00	000_0
GLU_240	4.50	SUFACE	0.00	158	0.00	0	0.00	000_0	0.00	000_0	0.00	000_0
GLU_246	4.57	SUFACE	0.00	292	0.07	1	0.00	000_0	0.00	000_0	0.00	000_0
ASP_250	3.80	SUFACE	0.00	248	0.00	0	0.00	000_0	0.00	000_0	0.00	000_0
ASP_251	2.40	SUFACE	0.00	323	0.35	5	-0.80	THR_248	-0.95	THR_248	0.00	000_0
TYR_254	10.00	SUFACE	0.00	323	0.00	0	0.00	000_0	0.00	000_0	0.00	000_0
TYR_256	8.06	BURIED	0.34	434	0.07	1	-0.21	ARG_260	-0.04	ILE_383	-2.10	ARG_260
ASP_257	4.12	SUFACE	0.00	368	0.49	7	0.00	000_0	-0.17	ILE_383	0.00	000_0
ARG_260	13.46	BURIED	-0.02	402	-1.12	16	0.00	000_0	0.00	000_0	2.10	TYR_256
LYS_261	10.15	SUFACE	0.00	204	-0.35	5	0.00	000_0	0.00	000_0	0.00	000_0
GLU_263	4.57	SUFACE	0.00	208	0.07	1	0.00	000_0	0.00	000_0	0.00	000_0
GLU_265	4.50	SUFACE	0.00	140	0.00	0	0.00	000_0	0.00	000_0	0.00	000_0
ASP_267	2.16	SUFACE	0.00	337	0.49	7	-0.80	THR_269	-1.16	THR_269	0.00	000_0
ASP_268	3.85	SUFACE	0.00	222	0.07	1	-0.02	ARG_284	0.00	000_0	0.00	000_0
ASP_274	2.46	SUFACE	0.00	352	0.49	7	-0.80	SER_279	0.00	000_0	0.00	000_0
GLU_276	4.52	SUFACE	0.00	313	0.07	1	-0.01	GLN_398	0.00	000_0	0.00	000_0
LYS_277	10.22	SUFACE	0.00	266	-0.28	4	0.00	000_0	0.00	000_0	0.00	000_0
ARG_284	11.80	SUFACE	0.00	371	-0.70	10	0.00	000_0	0.00	000_0	0.00	000_0
LYS_285	10.01	SUFACE	0.00	343	-0.49	7	0.00	000_0	0.00	000_0	0.00	000_0
ASP_288	3.14	SUFACE	0.00	357	0.63	9	0.00	000_0	-0.97	GLN_290	0.00	000_0
ARG_293	11.94	SUFACE	0.00	383	-0.56	8	0.00	000_0	0.00	000_0	0.00	000_0
GLU_294	4.68	BURIED	0.04	404	0.14	2	-0.00	ARG_293	0.00	000_0	0.00	000_0
TYR_296	11.75	BURIED	2.30	630	0.07	1	-0.62	THR_421	0.00	000_0	0.00	000_0
LYS_302	9.48	BURIED	-0.49	449	-0.07	1	0.00	000_0	0.00	000_0	-0.46	LYS_342
TYR_305	10.39	BURIED	0.39	439	0.00	0	0.00	000_0	0.00	000_0	0.00	000_0
GLU_312	1.63	BURIED	0.42	442	1.05	15	-0.80	SER_307	-1.17	ASN_286	0.00	000_0
LYS_314	10.36	SUFACE	0.00	275	-0.14	2	0.00	000_0	0.00	000_0	0.00	000_0
TYR_315	11.25	SUFACE	0.00	254	0.00	0	0.00	000_0	0.00	000_0	1.25	GLU_240
LYS_318	10.29	SUFACE	0.00	207	-0.21	3	0.00	000_0	0.00	000_0	0.00	000_0
LYS_319	10.29	SUFACE	0.00	241	-0.21	3	0.00	000_0	0.00	000_0	0.00	000_0
LYS_321	10.29	SUFACE	0.00	341	-0.21	3	0.00	000_0	0.00	000_0	0.00	000_0
ASP_322	3.42	SUFACE	0.00	290	0.42	6	-0.80	LYS_318	0.00	000_0	0.00	000_0
LYS_325	10.50	SUFACE	0.00	255	-0.00	0	0.00	000_0	0.00	000_0	0.00	000_0
ARG_326	11.94	SUFACE	0.00	354	-0.56	8	0.00	000_0	0.00	000_0	0.00	000_0
ARG_328	11.10	SUFACE	0.00	389	-1.40	20	0.00	000_0	0.00	000_0	0.00	000_0
CYS_331	9.00	SUFACE	0.00	398	0.00	0	0.00	000_0	0.00	000_0	0.00	000_0
LYS_333	10.43	SUFACE	0.00	156	-0.07	1	0.00	000_0	0.00	000_0	0.00	000_0
GLU_336	4.64	SUFACE	0.00	247	0.14	2	0.00	000_0	0.00	000_0	0.00	000_0
LYS_337	10.50	SUFACE	0.00	154	-0.00	0	0.00	000_0	0.00	000_0	0.00	000_0
ASP_338	2.69	SUFACE	0.00	317	0.49	7	-0.80	LYS_285	0.00	000_0	0.00	000_0
LYS_342	11.41	BURIED	-0.31	431	-0.00	0	0.00	000_0	0.00	000_0	1.22	GLU_364
ARG_344	11.07	BURIED	-1.15	515	-0.28	4	0.00	000_0	0.00	000_0	0.00	000_0
HIS_357	1.07	BURIED	-0.86	486	-2.17	31	0.00	000_0	0.00	000_0	-2.40	ARG_360
LYS_358	10.53	BURIED	-0.24	424	-0.00	0	0.00	000_0	0.00	000_0	0.27	ASP_420
ARG_360	11.44	BURIED	-1.53	553	-1.26	18	0.00	000_0	0.00	000_0	1.73	ASP_420
GLU_364	4.08	BURIED	0.96	496	0.21	3	-0.37	TYR_424	0.00	000_0	-1.22	LYS_342
LYS_369	10.50	SUFACE	0.00	217	-0.00	0	0.00	000_0	0.00	000_0	0.00	000_0
LYS_370	10.22	SUFACE	0.00	258	-0.28	4	0.00	000_0	0.00	000_0	0.00	000_0
GLU_375	4.05	SUFACE	0.00	321	0.35	5	-0.80	ARG_284	0.00	000_0	0.00	000_0
LYS_377	10.50	SUFACE	0.00	199	-0.00	0	0.00	000_0	0.00	000_0	0.00	000_0
GLU_380	3.98	SUFACE	0.00	187	0.28	4	-0.80	LYS_261	0.00	000_0	0.00	000_0
LYS_382	10.36	SUFACE	0.00	266	-0.14	2	0.00	000_0	0.00	000_0	0.00	000_0
GLU_386	3.65	SUFACE	0.00	154	0.21	3	0.00	000_0	-0.00	ILE_385	0.00	000_0
ASP_387	3.32	SUFACE	0.00	240	0.28	4	0.00	000_0	-0.76	GLN_384	0.00	000_0
GLU_390	4.16	SUFACE	0.00	259	0.14	2	-0.46	LYS_277	0.00	000_0	0.00	000_0
LYS_394	10.36	SUFACE	0.00	285	-0.14	2	0.00	000_0	0.00	000_0	0.00	000_0
GLU_397	4.97	BURIED	0.12	412	0.35	5	0.00	000_0	0.00	000_0	0.00	000_0
ARG_405	12.43	SUFACE	0.00	291	-0.07	1	0.00	000_0	0.00	000_0	0.00	000_0
ASP_408	3.94	SUFACE	0.00	280	0.14	2	0.00	000_0	0.00	000_0	0.00	000_0
LYS_409	10.50	SUFACE	0.00	354	-0.00	0	0.00	000_0	0.00	000_0	0.00	000_0
LYS_410	10.43	SUFACE	0.00	280	-0.07	1	0.00	000_0	0.00	000_0	0.00	000_0
LYS_411	10.43	SUFACE	0.00	140	-0.07	1	0.00	000_0	0.00	000_0	0.00	000_0
GLU_418	4.78	SUFACE	0.00	366	0.28	4	0.00	000_0	0.00	000_0	0.00	000_0
HIS_419	5.43	SUFACE	0.00	379	-0.07	1	0.00	000_0	0.00	000_0	-1.00	ARG_360
ASP_420	3.01	BURIED	0.80	480	0.70	10	-0.28	ARG_360	0.00	000_0	-0.27	LYS_358
TYR_424	14.01	BURIED	1.24	524	0.00	0	0.37	GLU_364	0.00	000_0	2.40	GLU_364
LYS_426	10.43	SUFACE	0.00	344	-0.07	1	0.00	000_0	0.00	000_0	0.00	000_0
LYS_429	10.50	SUFACE	0.00	132	-0.00	0	0.00	000_0	0.00	000_0	0.00	000_0
ASP_430	3.80	SUFACE	0.00	168	0.00	0	0.00	000_0	0.00	000_0	0.00	000_0
GLU_434	3.91	SUFACE	0.00	186	0.21	3	-0.80	ARG_437	0.00	000_0	0.00	000_0
ASP_435	3.38	SUFACE	0.00	385	0.42	6	0.00	000_0	-0.84	VAL_414	0.00	000_0
ARG_437	11.73	SUFACE	0.00	172	-0.77	11	0.00	000_0	0.00	000_0	0.00	000_0
GLU_440	4.38	SUFACE	0.00	314	0.21	3	-0.33	GLN_436	0.00	000_0	0.00	000_0
ARG_445	11.15	BURIED	-0.23	423	-1.12	16	0.00	000_0	0.00	000_0	0.00	000_0
HIS_455	21.82	BURIED	-0.28	428	-2.10	30	3.60	CYS_460	0.00	000_0	0.01	CYS_456
CYS_456	8.95	BURIED	0.79	479	0.00	0	0.00	000_0	-0.83	LEU_452	-0.01	HIS_455
CYS_460	6.59	BURIED	1.12	512	0.21	3	-3.60	HIS_455	-0.13	CYS_456	-2.18	HIS_455
HIS_461	6.50	SUFACE	0.00	309	-0.00	0	0.00	000_0	0.00	000_0	0.00	000_0
GLU_464	4.64	SUFACE	0.00	390	0.14	2	0.00	000_0	0.00	000_0	0.00	000_0
ARG_465	12.01	SUFACE	0.00	296	-0.49	7	0.00	000_0	0.00	000_0	0.00	000_0
GLU_468	4.57	SUFACE	0.00	250	0.07	1	0.00	000_0	0.00	000_0	0.00	000_0
LYS_469	10.50	SUFACE	0.00	221	-0.00	0	0.00	000_0	0.00	000_0	0.00	000_0
GLU_470	4.50	SUFACE	0.00	292	0.00	0	0.00	000_0	0.00	000_0	0.00	000_0
TYR_474	14.85	BURIED	1.28	528	0.00	0	0.12	CYS_460	-0.85	GLY_449	2.12	CYS_460
LYS_475	9.80	SUFACE	0.00	313	-0.70	10	0.00	000_0	0.00	000_0	0.00	000_0
CYS_476	-3.82	BURIED	1.08	508	0.21	3	-3.60	HIS_455	-1.30	HIS_478	0.14	ASP_480
HIS_477	6.29	SUFACE	0.00	376	-0.21	3	0.00	000_0	0.00	000_0	0.00	000_0
HIS_478	5.19	BURIED	-0.02	402	-1.61	23	0.00	000_0	0.00	000_0	-0.87	HIS_455
CYS_479	12.07	BURIED	0.53	453	0.14	2	-3.60	HIS_455	0.00	000_0	-2.40	HIS_455
ASP_480	4.09	SUFACE	0.00	396	0.42	6	-0.13	LYS_475	0.00	000_0	0.00	000_0
LYS_481	10.08	SUFACE	0.00	242	-0.42	6	0.00	000_0	0.00	000_0	0.00	000_0
LYS_483	10.50	SUFACE	0.00	321	-0.00	0	0.00	000_0	0.00	000_0	0.00	000_0
ASP_488	3.87	SUFACE	0.00	110	0.07	1	0.00	000_0	0.00	000_0	0.00	000_0
ASP_492	2.83	SUFACE	0.00	313	0.21	3	0.00	000_0	-1.18	GLY_494	0.00	000_0
LYS_496	10.50	SUFACE	0.00	186	-0.00	0	0.00	000_0	0.00	000_0	0.00	000_0
ASP_497	3.94	SUFACE	0.00	323	0.14	2	0.00	000_0	0.00	000_0	0.00	000_0
ARG_503	12.15	SUFACE	0.00	281	-0.35	5	0.00	000_0	0.00	000_0	0.00	000_0
GLU_507	4.50	SUFACE	0.00	313	0.00	0	0.00	000_0	0.00	000_0	0.00	000_0
LYS_508	10.50	SUFACE	0.00	60	-0.00	0	0.00	000_0	0.00	000_0	0.00	000_0
GLU_509	3.80	SUFACE	0.00	139	0.28	4	0.00	000_0	-0.98	GLU_509	0.00	000_0
ASP_510	3.68	SUFACE	0.00	290	0.42	6	0.00	000_0	-0.54	GLU_507	0.00	000_0
LYS_517	10.50	SUFACE	0.00	253	-0.00	0	0.00	000_0	0.00	000_0	0.00	000_0
ASP_520	3.49	SUFACE	0.00	173	0.49	7	-0.80	GLN_518	0.00	000_0	0.00	000_0
C-_520	3.41	SUFACE	0.00	131	0.21	3	0.00	000_0	0.00	000_0	0.00	000_0
